IWDDA 系统综合测试报告
============================================================
测试时间: 2026-02-10 05:56:09
总耗时: 17.03 秒

测试统计:
  - 总测试数: 7
  - 通过: 7
  - 失败: 0
  - 成功率: 100.0%

详细结果:
  1. [PASSED] VisionAgent: 视觉智能体测试通过
  2. [PASSED] LanguageAgent: 语言智能体测试通过
  3. [PASSED] KnowledgeAgent: 知识图谱智能体测试通过
  4. [PASSED] FusionAgent: 融合智能体测试通过
  5. [PASSED] ExperienceReplay: 经验回放机制测试通过
  6. [PASSED] HumanFeedback: 人工反馈机制测试通过
  7. [PASSED] Integration: 系统集成测试通过
